<!-- wp:stripe-wp/donate-form -->
<div class="wp-block-stripe-wp-donate-form"><!-- wp:stripe-wp/price-option -->
<p class="wp-block-stripe-wp-price-option">Swp Price Option â€“ hello from the saved content!</p>
<!-- /wp:stripe-wp/price-option --></div>
<!-- /wp:stripe-wp/donate-form -->